// Jest Snapshot v1, https://goo.gl/fbAQLP

exports[`FancyButton component snapshot 1`] = `
<div
  className="btn btn--fancy"
  onClick={[Function]}
>
  <div
    className="btn-inner"
  >
    <div>
      Hello
    </div>
    <svg
      fill="currentColor"
      height="1em"
      stroke="currentColor"
      strokeWidth="0"
      style={
        Object {
          "color": undefined,
        }
      }
      viewBox="0 0 24 24"
      width="1em"
      xmlns="http://www.w3.org/2000/svg"
    >
      <path
        d="M10 6L8.59 7.41 13.17 12l-4.58 4.59L10 18l6-6z"
      />
    </svg>
  </div>
</div>
`;
